clingo version 5.8.0 (6d1efb6)
Reading from imba.lp
Reading      : 0.495s
Preprocessing: 1.114s
Sat-Prepro   :Sat-Prepro   : S:        0/98964   Sat-Prepro   : S:     8192/98964   Sat-Prepro   : S:    16384/98964   Sat-Prepro   : S:    24576/98964   Sat-Prepro   : S:    32768/98964   Sat-Prepro   : S:    40960/98964   Sat-Prepro   : S:    49152/98964   Sat-Prepro   : S:    57344/98964   Sat-Prepro   : S:    65536/98964   Sat-Prepro   : S:    73728/98964   Sat-Prepro   : S:    81920/98964   Sat-Prepro   : S:    90112/98964   Sat-Prepro   : S:    98304/98964   Sat-Prepro   : B:        0/122     Sat-Prepro   : E:        0/122     Sat-Prepro   : B:        0/119     Sat-Prepro   : 0.521s (ClRemoved: 17550 ClAdded: 12826 LitsStr: 518)
Solving...
------------------------------------------------------------------------------------------|
ID:T       Vars           Constraints         State            Limits            Time     |
       #free/#fixed   #problem/#learnt  #conflicts/ratio #conflict/#learnt                |
------------------------------------------------------------------------------------------|
 0:R|   2062/682    |   95066/0       |         0/0.000 |     100/31688     |      2.219s |
 0:R|   2062/682    |   95066/88      |       101/0.479 |     150/31688     |      2.252s |
 0:R|   2062/682    |   95066/209     |       252/0.341 |     225/31688     |      2.281s |
 0:R|   2062/682    |   95066/380     |       477/0.342 |     337/31688     |      2.310s |
 0:R|   2062/682    |   95066/591     |       814/0.246 |     506/31688     |      2.352s |
 0:R|   2062/682    |   95066/910     |      1320/0.226 |     759/31688     |      2.445s |
 0:R|   2062/682    |   95066/1413    |      2080/0.215 |    1139/31688     |      2.596s |
 0:R|   2062/682    |   95066/2415    |      3221/0.269 |    1708/31688     |      2.706s |
 0:R|   2062/682    |   95066/3754    |      4929/0.276 |    2562/31688     |      3.026s |
 0:R|   2062/682    |   95066/5983    |      7491/0.299 |    3844/31688     |      3.553s |
 0:R|   2062/682    |   95066/9258    |     11336/0.326 |    5766/31688     |      4.388s |
 0:R|   2062/682    |   95066/14289   |     17103/0.345 |    8649/31688     |      6.147s |
 0:R|   2062/682    |   95066/22308   |     25752/0.373 |   12974/34856     |      9.055s |
 0:R|   2062/682    |   95066/34434   |     38727/0.411 |   19461/38342     |     14.019s |
 0:D|    694/682    |   95066/9586    |     42906/0.418 |   15282/38342     |     15.324s |
 0:R|   2062/682    |   95066/23926   |     58188/0.445 |   29192/42176     |     20.137s |
 0:D|    890/682    |   95066/10545   |     77348/0.473 |   10032/42176     |     26.992s |
 0:R|   2062/682    |   95066/20216   |     87380/0.486 |   43789/46394     |     29.081s |
 0:D|   1175/682    |   95066/11599   |    114591/0.505 |   16578/46394     |     38.019s |
 0:R|   2062/682    |   95066/27798   |    131170/0.516 |   65684/51033     |     43.918s |
------------------------------------------------------------------------------------------|
ID:T       Vars           Constraints         State            Limits            Time     |
       #free/#fixed   #problem/#learnt  #conflicts/ratio #conflict/#learnt                |
------------------------------------------------------------------------------------------|
 0:D|   1030/682    |   95066/12759   |    155255/0.528 |   41599/51033     |     52.102s |
 0:D|   1401/682    |   95066/12759   |    194463/0.547 |    2391/51033     |     67.273s |
 0:R|   2062/682    |   95066/15078   |    196854/0.548 |   98526/56137     |     68.408s |
 0:D|    603/682    |   95066/14035   |    239087/0.557 |   56293/56137     |     82.918s |
 0:D|   1419/682    |   95066/14035   |    281913/0.567 |   13467/56137     |    101.101s |
 0:R|   2062/682    |   95066/27333   |    295381/0.571 |  147789/61750     |    107.362s |
 0:D|   1089/682    |   95066/15438   |    330346/0.578 |  112824/61750     |    124.001s |
 0:D|    641/682    |   95066/15438   |    377123/0.586 |   66047/61750     |    145.966s |
 0:D|    865/682    |   95066/15438   |    424008/0.593 |   19162/61750     |    168.443s |
 0:R|   2062/682    |   95066/34370   |    443170/0.597 |  221683/67926     |    175.533s |
 0:D|   1087/682    |   95066/16982   |    477240/0.599 |  187613/67926     |    189.917s |
 0:D|    668/682    |   95066/16982   |    528671/0.603 |  136182/67926     |    210.679s |
 0:D|    660/682    |   95066/16982   |    579905/0.608 |   84948/67926     |    237.393s |
 0:D|    782/682    |   95066/16982   |    631101/0.615 |   33752/67926     |    267.303s |
 0:R|   2062/682    |   95066/50601   |    664854/0.618 |  332525/74718     |    286.392s |
 0:D|    450/682    |   95066/18680   |    689352/0.619 |  308027/74718     |    298.779s |
 0:D|    974/682    |   95066/18680   |    745931/0.622 |  251448/74718     |    329.558s |
 0:D|   1272/682    |   95066/18680   |    802649/0.624 |  194730/74718     |    357.650s |
 0:D|   1167/682    |   95066/18681   |    859081/0.626 |  138298/74718     |    389.644s |
 0:D|   1165/682    |   95066/18680   |    915490/0.626 |   81889/74718     |    417.706s |
------------------------------------------------------------------------------------------|
ID:T       Vars           Constraints         State            Limits            Time     |
       #free/#fixed   #problem/#learnt  #conflicts/ratio #conflict/#learnt                |
------------------------------------------------------------------------------------------|
 0:D|    502/682    |   95066/18680   |    971926/0.629 |   25453/74718     |    447.586s |
 0:R|   2062/682    |   95066/43964   |    997379/0.630 |  498788/82190     |    456.183s |
 0:D|   1249/682    |   95066/20549   |   1036020/0.631 |  460147/82190     |    474.115s |
 0:D|    737/682    |   95066/20548   |   1097995/0.635 |  398172/82190     |    507.621s |
 0:D|    779/682    |   95066/20548   |   1159978/0.639 |  336189/82190     |    544.429s |
 0:D|    958/682    |   95066/20548   |   1221878/0.642 |  274289/82190     |    582.522s |
 0:D|    865/682    |   95066/20548   |   1283821/0.644 |  212346/82190     |    618.705s |
 0:D|   1292/682    |   95066/20548   |   1345728/0.647 |  150439/82190     |    652.749s |
 0:D|    967/682    |   95066/20548   |   1407649/0.649 |   88518/82190     |    686.556s |
 0:D|    783/682    |   95066/20548   |   1469571/0.652 |   26596/82190     |    730.007s |
 0:R|   2062/682    |   95066/46968   |   1496168/0.652 |  748182/90409     |    744.897s |
 0:D|    844/682    |   95066/22603   |   1539786/0.653 |  704564/90409     |    766.695s |
 0:D|    650/682    |   95066/22603   |   1607821/0.654 |  636529/90409     |    809.209s |
 0:D|   1241/682    |   95066/22603   |   1675818/0.657 |  568532/90409     |    848.406s |
 0:D|   1383/682    |   95066/22603   |   1743797/0.659 |  500553/90409     |    889.072s |
 0:D|    791/682    |   95066/22603   |   1811767/0.660 |  432583/90409     |    934.327s |
 0:D|   1103/682    |   95066/22603   |   1879756/0.662 |  364594/90409     |    973.630s |
 0:D|   1106/682    |   95066/22603   |   1947755/0.663 |  296595/90409     |   1013.274s |
 0:D|   1287/682    |   95066/22603   |   2015690/0.665 |  228660/90409     |   1055.407s |
 0:D|   1381/682    |   95066/22603   |   2083633/0.667 |  160717/90409     |   1099.053s |
------------------------------------------------------------------------------------------|
ID:T       Vars           Constraints         State            Limits            Time     |
       #free/#fixed   #problem/#learnt  #conflicts/ratio #conflict/#learnt                |
------------------------------------------------------------------------------------------|
 0:D|   1293/682    |   95066/22603   |   2151616/0.669 |   92734/90409     |   1145.418s |
 0:D|    745/682    |   95066/22603   |   2219522/0.671 |   24828/90409     |   1176.623s |
 0:R|   2062/682    |   95066/47405   |   2244350/0.672 | 1122274/99450     |   1187.041s |
 0:D|    943/682    |   95066/24863   |   2296661/0.673 | 1069963/99450     |   1207.710s |
 0:D|    562/682    |   95066/24863   |   2371505/0.673 |  995119/99450     |   1245.971s |
 0:D|   1009/682    |   95066/24863   |   2446266/0.673 |  920358/99450     |   1288.390s |
 0:D|   1243/682    |   95066/24863   |   2521025/0.674 |  845599/99450     |   1328.802s |
 0:D|   1121/682    |   95066/24863   |   2595794/0.676 |  770830/99450     |   1381.987s |
 0:D|   1003/682    |   95066/24863   |   2670579/0.676 |  696045/99450     |   1427.747s |
 0:D|   1321/682    |   95066/24864   |   2745332/0.677 |  621292/99450     |   1473.105s |
 0:D|   1435/682    |   95066/24863   |   2820098/0.677 |  546526/99450     |   1520.070s |
 0:D|   1015/682    |   95066/24864   |   2894871/0.678 |  471753/99450     |   1566.487s |
 0:D|   1346/682    |   95066/24863   |   2969598/0.679 |  397026/99450     |   1622.382s |
 0:D|   1311/682    |   95066/24863   |   3044328/0.680 |  322296/99450     |   1666.838s |
 0:D|    981/682    |   95066/24863   |   3119036/0.681 |  247588/99450     |   1716.009s |
 0:D|   1239/682    |   95066/24863   |   3193742/0.681 |  172882/99450     |   1755.516s |
 0:D|    776/682    |   95066/24863   |   3268438/0.682 |   98186/99450     |   1798.701s |
 0:D|   1486/682    |   95066/24863   |   3343164/0.682 |   23460/99450     |   1845.996s |
 0:R|   2062/682    |   95066/48281   |   3366624/0.682 | 1683411/109395    |   1857.831s |
 0:D|   1109/682    |   95066/27349   |   3428016/0.682 | 1622019/109395    |   1894.020s |
------------------------------------------------------------------------------------------|
ID:T       Vars           Constraints         State            Limits            Time     |
       #free/#fixed   #problem/#learnt  #conflicts/ratio #conflict/#learnt                |
------------------------------------------------------------------------------------------|
 0:D|    889/682    |   95066/27350   |   3510237/0.683 | 1539798/109395    |   1953.162s |
 0:D|    583/682    |   95066/27349   |   3592534/0.684 | 1457501/109395    |   2011.471s |
 0:D|   1241/682    |   95066/27349   |   3674825/0.684 | 1375210/109395    |   2067.883s |
 0:D|    910/682    |   95066/27350   |   3757014/0.685 | 1293021/109395    |   2126.669s |
 0:D|    766/682    |   95066/27349   |   3839181/0.686 | 1210854/109395    |   2178.456s |
 0:D|    946/682    |   95066/27349   |   3921377/0.686 | 1128658/109395    |   2214.955s |
 0:D|    951/682    |   95066/27350   |   4003577/0.686 | 1046458/109395    |   2247.539s |
 0:D|    999/682    |   95066/27349   |   4085775/0.686 |  964260/109395    |   2295.044s |
 0:D|    864/682    |   95066/27349   |   4167973/0.686 |  882062/109395    |   2350.282s |
 0:D|   1026/682    |   95066/27349   |   4250124/0.687 |  799911/109395    |   2392.281s |
 0:D|    739/682    |   95066/27349   |   4332296/0.688 |  717739/109395    |   2434.570s |
 0:D|    895/682    |   95066/27349   |   4414467/0.688 |  635568/109395    |   2475.062s |
 0:D|    634/682    |   95066/27349   |   4496592/0.689 |  553443/109395    |   2520.024s |
 0:D|    626/682    |   95066/27349   |   4578782/0.690 |  471253/109395    |   2561.328s |
 0:D|   1151/682    |   95066/27349   |   4660898/0.691 |  389137/109395    |   2607.125s |
 0:D|    900/682    |   95066/27350   |   4743017/0.692 |  307018/109395    |   2666.788s |
 0:D|   1026/682    |   95066/27349   |   4825150/0.693 |  224885/109395    |   2719.271s |
 0:D|    955/682    |   95066/27350   |   4907291/0.694 |  142744/109395    |   2787.998s |
 0:D|    656/682    |   95066/27350   |   4989441/0.695 |   60594/109395    |   2854.090s |
 0:R|   2062/682    |   95066/87902   |   5050035/0.695 | 2525116/120335    |   2888.353s |
------------------------------------------------------------------------------------------|
ID:T       Vars           Constraints         State            Limits            Time     |
       #free/#fixed   #problem/#learnt  #conflicts/ratio #conflict/#learnt                |
------------------------------------------------------------------------------------------|
 0:D|    858/682    |   95066/30084   |   5082548/0.695 | 2492603/120335    |   2908.393s |
 0:D|    772/682    |   95066/30084   |   5172975/0.695 | 2402176/120335    |   2951.774s |
 0:D|   1123/682    |   95066/30084   |   5263354/0.695 | 2311797/120335    |   3005.617s |
 0:D|   1054/682    |   95066/30085   |   5353722/0.695 | 2221429/120335    |   3064.291s |
 0:D|   1122/682    |   95066/30084   |   5444091/0.696 | 2131060/120335    |   3136.710s |
 0:D|   1320/682    |   95066/30084   |   5534456/0.696 | 2040695/120335    |   3202.277s |
 0:D|    825/682    |   95066/30084   |   5624854/0.696 | 1950297/120335    |   3267.386s |
 0:D|   1171/682    |   95066/30084   |   5715250/0.696 | 1859901/120335    |   3338.936s |
 0:D|   1277/682    |   95066/30085   |   5805648/0.696 | 1769503/120335    |   3412.674s |
 0:D|    191/682    |   95066/30085   |   5896048/0.696 | 1679103/120335    |   3483.794s |
 0:D|    803/682    |   95066/30084   |   5986453/0.696 | 1588698/120335    |   3544.670s |
 0:D|   1022/682    |   95066/30084   |   6076822/0.696 | 1498329/120335    |   3615.105s |
 0:D|    697/682    |   95066/30084   |   6167205/0.697 | 1407946/120335    |   3677.436s |
 0:D|    686/682    |   95066/30085   |   6257585/0.697 | 1317566/120335    |   3746.537s |
 0:D|    899/682    |   95066/30085   |   6347965/0.697 | 1227186/120335    |   3807.629s |
 0:D|   1254/682    |   95066/30084   |   6438386/0.697 | 1136765/120335    |   3869.356s |
 0:D|   1001/682    |   95066/30084   |   6528790/0.697 | 1046361/120335    |   3931.758s |
 0:D|    852/682    |   95066/30084   |   6619164/0.697 |  955987/120335    |   3999.207s |
 0:D|   1082/682    |   95066/30085   |   6709499/0.697 |  865652/120335    |   4071.679s |
 0:D|   1017/682    |   95066/30084   |   6799851/0.698 |  775300/120335    |   4138.223s |
------------------------------------------------------------------------------------------|
ID:T       Vars           Constraints         State            Limits            Time     |
       #free/#fixed   #problem/#learnt  #conflicts/ratio #conflict/#learnt                |
------------------------------------------------------------------------------------------|
 0:D|    797/682    |   95066/30085   |   6890189/0.698 |  684962/120335    |   4204.636s |
 0:D|    673/682    |   95066/30084   |   6980512/0.699 |  594639/120335    |   4276.091s |
 0:D|   1051/682    |   95066/30084   |   7070820/0.699 |  504331/120335    |   4354.467s |
 0:D|   1157/682    |   95066/30085   |   7161151/0.700 |  414000/120335    |   4429.458s |
 0:D|    796/682    |   95066/30085   |   7251479/0.700 |  323672/120335    |   4504.692s |
 0:D|    420/682    |   95066/30084   |   7341796/0.700 |  233355/120335    |   4587.356s |
 0:D|   1096/682    |   95066/30085   |   7432098/0.701 |  143053/120335    |   4665.391s |
 0:D|    771/682    |   95066/30084   |   7522388/0.701 |   52763/120335    |   4744.490s |
 0:R|   2062/682    |   95066/82796   |   7575151/0.701 | 3787675/132368    |   4781.481s |
 0:D|   1332/682    |   95066/33093   |   7624786/0.701 | 3738040/132368    |   4820.038s |
 0:D|    790/682    |   95066/33093   |   7724196/0.702 | 3638630/132368    |   4905.245s |
 0:D|    876/682    |   95066/33093   |   7823556/0.702 | 3539270/132368    |   4978.307s |
 0:D|    685/682    |   95066/33093   |   7922906/0.702 | 3439920/132368    |   5049.965s |
 0:D|   1019/682    |   95066/33093   |   8022298/0.702 | 3340528/132368    |   5110.457s |
 0:D|   1075/682    |   95066/33093   |   8121671/0.702 | 3241155/132368    |   5174.676s |
 0:D|    809/682    |   95066/33093   |   8221029/0.702 | 3141797/132368    |   5247.938s |
 0:D|   1031/682    |   95066/33093   |   8320368/0.702 | 3042458/132368    |   5310.149s |
 0:D|   1524/682    |   95066/33093   |   8419751/0.702 | 2943075/132368    |   5381.602s |
 0:D|    798/682    |   95066/33093   |   8519135/0.702 | 2843691/132368    |   5441.589s |
 0:D|    922/682    |   95066/33093   |   8618464/0.702 | 2744362/132368    |   5500.238s |
------------------------------------------------------------------------------------------|
ID:T       Vars           Constraints         State            Limits            Time     |
       #free/#fixed   #problem/#learnt  #conflicts/ratio #conflict/#learnt                |
------------------------------------------------------------------------------------------|
 0:D|    932/682    |   95066/33093   |   8717808/0.702 | 2645018/132368    |   5557.321s |
 0:D|    970/682    |   95066/33093   |   8817158/0.703 | 2545668/132368    |   5639.048s |
 0:D|    786/682    |   95066/33093   |   8916490/0.703 | 2446336/132368    |   5726.913s |
 0:D|   1087/682    |   95066/33093   |   9015824/0.703 | 2347002/132368    |   5813.487s |
 0:D|    986/682    |   95066/33093   |   9115160/0.704 | 2247666/132368    |   5891.153s |
 0:D|   1287/682    |   95066/33093   |   9214536/0.704 | 2148290/132368    |   5962.244s |
 0:D|   1055/683    |   94932/33093   |   9346170/0.704 | 2016656/132368    |   6039.995s |
 0:D|    697/683    |   94932/33093   |   9445534/0.704 | 1917292/132368    |   6103.564s |
 0:D|   1291/683    |   94932/33093   |   9544874/0.704 | 1817952/132368    |   6151.990s |
 0:D|    878/683    |   94932/33093   |   9644207/0.704 | 1718619/132368    |   6200.327s |
 0:D|    899/684    |   94793/33093   |   9796947/0.705 | 1565879/132368    |   6330.795s |
 0:D|    745/684    |   94793/33093   |   9896288/0.705 | 1466538/132368    |   6410.689s |
 0:D|    711/684    |   94793/33093   |   9995662/0.705 | 1367164/132368    |   6488.611s |
 0:D|    382/684    |   94793/33093   |  10094982/0.706 | 1267844/132368    |   6583.179s |
 0:D|   1400/684    |   94793/33093   |  10194321/0.706 | 1168505/132368    |   6669.239s |
 0:D|   1099/684    |   94793/33093   |  10293655/0.707 | 1069171/132368    |   6751.979s |
 0:D|    907/684    |   94793/33093   |  10393003/0.707 |  969823/132368    |   6840.196s |
 0:D|    907/684    |   94793/33093   |  10492342/0.707 |  870484/132368    |   6908.691s |
 0:D|   1300/684    |   94793/33093   |  10591690/0.707 |  771136/132368    |   6986.197s |
 0:D|   1100/684    |   94793/33093   |  10691031/0.707 |  671795/132368    |   7072.724s |
------------------------------------------------------------------------------------------|
ID:T       Vars           Constraints         State            Limits            Time     |
       #free/#fixed   #problem/#learnt  #conflicts/ratio #conflict/#learnt                |
------------------------------------------------------------------------------------------|
 0:D|   1116/684    |   94793/33093   |  10790374/0.707 |  572452/132368    |   7149.747s |
 0:D|   1213/684    |   94793/33093   |  10889707/0.707 |  473119/132368    |   7225.517s |
 0:D|    947/685    |   94651/33093   |  11036190/0.707 |  326636/132368    |   7351.876s |
 0:D|    678/700    |   92705/33093   |  11135577/0.707 |  227249/132368    |   7413.971s |
 0:D|   1072/700    |   92705/33093   |  11234937/0.707 |  127889/132368    |   7493.636s |
 0:D|   1267/700    |   92705/33093   |  11334279/0.707 |   28547/132368    |   7577.610s |
 0:R|   2044/700    |   92705/61627   |  11362828/0.707 | 5681512/145605    |   7598.788s |
 0:D|   1055/700    |   92705/36402   |  11446851/0.707 | 5597489/145605    |   7672.929s |
 0:D|    836/700    |   92705/36402   |  11556119/0.707 | 5488221/145605    |   7738.771s |
 0:D|   1192/700    |   92705/36402   |  11665400/0.707 | 5378940/145605    |   7819.412s |
 0:D|   1038/700    |   92705/36402   |  11774706/0.707 | 5269634/145605    |   7875.449s |
 0:D|    674/885    |   81859/36402   |  11940055/0.708 | 5104285/145605    |   7980.014s |
 0:D|    914/887    |   81630/36402   |  12094347/0.708 | 4949993/145605    |   8106.010s |
 0:D|    880/887    |   81630/36402   |  12203599/0.708 | 4840741/145605    |   8201.267s |
 0:E|   1503/1241   |   61970/25787   |  12416614/0.709 | 4840741/145605    |   8360.964s |
------------------------------------------------------------------------------------------|
UNSATISFIABLE

Models       : 0
Calls        : 1
Time         : 8360.964s (Solving: 8358.75s 1st Model: 0.00s Unsat: 8358.75s)
CPU Time     : 4486.808s

Choices      : 17517008
Conflicts    : 12416614 (Analyzed: 12416613)
Restarts     : 27       (Average: 459874.56 Last: 1053785 Blocked: 0)
Problems     : 1        (Average Length: 0.00 Splits: 0)
Lemmas       : 12416613 (Deleted: 11898426)
  Binary     : 69       (Ratio:   0.00%)
  Ternary    : 35131    (Ratio:   0.28%)
  Conflict   : 12416613 (Average Length:   78.5 Ratio: 100.00%) 
  Loop       : 0        (Average Length:    0.0 Ratio:   0.00%) 
  Other      : 0        (Average Length:    0.0 Ratio:   0.00%) 
Backjumps    : 12416613 (Average:  1.41 Max:  53 Sum: 17516554)
  Executed   : 12416613 (Average:  1.41 Max:  53 Sum: 17516554 Ratio: 100.00%)
  Bounded    : 0        (Average:  0.00 Max:   0 Sum:      0 Ratio:   0.00%)

Rules        : 183883  
  Choice     : 680     
Atoms        : 17427   
Bodies       : 171369  
  Count      : 1512    
Equivalences : 81938    (Atom=Atom: 12201 Body=Body: 52084 Other: 17653)
Tight        : Yes
Variables    : 2866     (Eliminated:  122 Frozen: 2064)
Constraints  : 95066    (Binary:   3.7% Ternary:  95.4% Other:   0.9%)

