clingo version 5.8.0 (6d1efb6)
Reading from imba.lp
Reading      : 0.464s
Preprocessing: 0.521s
Sat-Prepro   :Sat-Prepro   : S:        0/55639   Sat-Prepro   : S:     8192/55639   Sat-Prepro   : S:    16384/55639   Sat-Prepro   : S:    24576/55639   Sat-Prepro   : S:    32768/55639   Sat-Prepro   : S:    40960/55639   Sat-Prepro   : S:    49152/55639   Sat-Prepro   : B:        0/93      Sat-Prepro   : E:        0/93      Sat-Prepro   : B:        0/90      Sat-Prepro   : 0.261s (ClRemoved: 11324 ClAdded: 8226 LitsStr: 278)
Solving...
------------------------------------------------------------------------------------------|
ID:T       Vars           Constraints         State            Limits            Time     |
       #free/#fixed   #problem/#learnt  #conflicts/ratio #conflict/#learnt                |
------------------------------------------------------------------------------------------|
 0:R|   1383/457    |   53109/0       |         0/0.000 |     100/17703     |      1.278s |
 0:R|   1372/468    |   52651/83      |       100/0.800 |     150/17703     |      1.282s |
 0:R|   1372/468    |   52651/197     |       251/0.466 |     225/17703     |      1.307s |
 0:R|   1372/468    |   52651/346     |       476/0.422 |     337/17703     |      1.324s |
 0:R|   1372/468    |   52651/591     |       813/0.364 |     506/17703     |      1.366s |
 0:R|   1372/468    |   52651/1022    |      1319/0.394 |     759/17703     |      1.401s |
 0:R|   1372/468    |   52651/1576    |      2080/0.344 |    1139/17703     |      1.493s |
 0:R|   1372/468    |   52651/2538    |      3219/0.378 |    1708/17703     |      1.618s |
 0:R|   1372/468    |   52651/3995    |      4928/0.386 |    2562/17703     |      1.827s |
 0:R|   1372/468    |   52651/6235    |      7490/0.401 |    3844/17703     |      2.302s |
 0:R|   1372/468    |   52651/9764    |     11334/0.436 |    5766/17703     |      2.847s |
 0:R|   1372/468    |   52651/15136   |     17101/0.470 |    8649/19473     |      3.689s |
 0:D|    861/468    |   52651/4869    |     21712/0.490 |    4038/19473     |      4.660s |
 0:R|   1372/468    |   52651/8682    |     25750/0.502 |   12974/21420     |      5.242s |
 0:R|   1372/468    |   52651/21047   |     38724/0.534 |   19461/23562     |      7.959s |
 0:D|    786/468    |   52651/5891    |     41369/0.539 |   16816/23562     |      8.388s |
 0:R|   1372/468    |   52651/22179   |     58186/0.567 |   29192/25918     |     11.816s |
 0:D|    623/468    |   52651/6480    |     62073/0.570 |   25305/25918     |     12.600s |
 0:R|   1298/542    |   48883/16281   |     87378/0.590 |   43789/28510     |     17.403s |
 0:D|    593/542    |   48883/7128    |     99967/0.593 |   31200/28510     |     20.011s |
------------------------------------------------------------------------------------------|
ID:T       Vars           Constraints         State            Limits            Time     |
       #free/#fixed   #problem/#learnt  #conflicts/ratio #conflict/#learnt                |
------------------------------------------------------------------------------------------|
 0:D|    779/542    |   48883/7128    |    121708/0.606 |    9459/28510     |     25.117s |
 0:R|   1298/542    |   48883/16475   |    131168/0.611 |   65684/31361     |     27.135s |
 0:D|    738/542    |   48883/7841    |    146316/0.617 |   50536/31361     |     30.931s |
 0:D|    852/542    |   48883/7841    |    170138/0.623 |   26714/31361     |     36.752s |
 0:D|    705/542    |   48883/7841    |    193837/0.635 |    3015/31361     |     43.673s |
 0:R|   1298/542    |   48883/10832   |    196852/0.635 |   98526/34498     |     44.237s |
 0:E|    554/1286   |   33483/4684    |    242913/0.647 |   98526/34498     |     56.013s |
------------------------------------------------------------------------------------------|
UNSATISFIABLE

Models       : 0
Calls        : 1
Time         : 56.014s (Solving: 54.74s 1st Model: 0.00s Unsat: 54.74s)
CPU Time     : 27.696s

Choices      : 375692  
Conflicts    : 242913   (Analyzed: 242912)
Restarts     : 17       (Average: 14288.94 Last: 46060 Blocked: 0)
Problems     : 1        (Average Length: 0.00 Splits: 0)
Lemmas       : 242912   (Deleted: 165048)
  Binary     : 74       (Ratio:   0.03%)
  Ternary    : 6400     (Ratio:   2.63%)
  Conflict   : 242912   (Average Length:   41.7 Ratio: 100.00%) 
  Loop       : 0        (Average Length:    0.0 Ratio:   0.00%) 
  Other      : 0        (Average Length:    0.0 Ratio:   0.00%) 
Backjumps    : 242912   (Average:  1.55 Max:  34 Sum: 375473)
  Executed   : 242912   (Average:  1.55 Max:  34 Sum: 375473 Ratio: 100.00%)
  Bounded    : 0        (Average:  0.00 Max:   0 Sum:      0 Ratio:   0.00%)

Rules        : 106816  
  Choice     : 455     
Atoms        : 11707   
Bodies       : 98414   
  Count      : 1029    
Equivalences : 49408    (Atom=Atom: 8100 Body=Body: 29488 Other: 11820)
Tight        : Yes
Variables    : 1933     (Eliminated:   93 Frozen: 1385)
Constraints  : 53109    (Binary:   4.3% Ternary:  94.6% Other:   1.1%)

