clingo version 5.8.0 (6d1efb6)
Reading from imba.lp
Reading      : 0.096s
Preprocessing: 0.072s
Sat-Prepro   :Sat-Prepro   : S:        0/19334   Sat-Prepro   : S:     8192/19334   Sat-Prepro   : S:    16384/19334   Sat-Prepro   : B:        0/57      Sat-Prepro   : E:        0/57      Sat-Prepro   : B:        0/54      Sat-Prepro   : 0.035s (ClRemoved: 5171 ClAdded: 3737 LitsStr: 126)
Solving...
------------------------------------------------------------------------------------------|
ID:T       Vars           Constraints         State            Limits            Time     |
       #free/#fixed   #problem/#learnt  #conflicts/ratio #conflict/#learnt                |
------------------------------------------------------------------------------------------|
 0:R|    672/222    |   18191/0       |         0/0.000 |     100/6063      |      0.206s |
 0:R|    661/233    |   17847/81      |       100/0.694 |     150/6063      |      0.226s |
 0:R|    661/233    |   17847/216     |       250/0.658 |     225/6063      |      0.229s |
 0:R|    661/233    |   17847/406     |       475/0.589 |     337/6063      |      0.236s |
 0:R|    661/233    |   17847/677     |       812/0.548 |     506/6063      |      0.261s |
 0:R|    661/233    |   17847/1101    |      1318/0.553 |     759/6063      |      0.293s |
 0:R|    661/233    |   17847/1775    |      2077/0.566 |    1139/6063      |      0.334s |
 0:R|    661/233    |   17847/2779    |      3217/0.578 |    1708/6063      |      0.422s |
 0:E|      0/233    |   17847/2888    |      3341/0.571 |    1708/6063      |      0.427s |
------------------------------------------------------------------------------------------|
Answer: 1 (Time: 0.427s)
l(1,2,3,1) l(1,2,4,1) l(1,3,4,1) l(2,3,4,-1) l(1,2,5,1) l(1,3,5,1) l(2,3,5,0) l(1,4,5,1) l(2,4,5,1) l(3,4,5,1) l(1,2,6,1) l(1,3,6,1) l(2,3,6,1) l(1,4,6,1) l(2,4,6,1) l(3,4,6,1) l(1,5,6,1) l(2,5,6,1) l(3,5,6,1) l(4,5,6,0) l(1,2,7,1) l(1,3,7,1) l(2,3,7,1) l(1,4,7,1) l(2,4,7,1) l(3,4,7,1) l(1,5,7,1) l(2,5,7,1) l(3,5,7,1) l(4,5,7,0) l(1,6,7,1) l(2,6,7,1) l(3,6,7,1) l(4,6,7,0) l(5,6,7,0) l(1,2,8,1) l(1,3,8,1) l(2,3,8,0) l(1,4,8,1) l(2,4,8,1) l(3,4,8,1) l(1,5,8,1) l(2,5,8,0) l(3,5,8,0) l(4,5,8,-1) l(1,6,8,1) l(2,6,8,-1) l(3,6,8,-1) l(4,6,8,-1) l(5,6,8,-1) l(1,7,8,0) l(2,7,8,-1) l(3,7,8,-1) l(4,7,8,-1) l(5,7,8,-1) l(6,7,8,-1) l(1,2,9,1) l(1,3,9,1) l(2,3,9,-1) l(1,4,9,1) l(2,4,9,-1) l(3,4,9,0) l(1,5,9,1) l(2,5,9,-1) l(3,5,9,-1) l(4,5,9,-1) l(1,6,9,1) l(2,6,9,-1) l(3,6,9,-1) l(4,6,9,-1) l(5,6,9,-1) l(1,7,9,0) l(2,7,9,-1) l(3,7,9,-1) l(4,7,9,-1) l(5,7,9,-1) l(6,7,9,-1) l(1,8,9,0) l(2,8,9,-1) l(3,8,9,-1) l(4,8,9,-1) l(5,8,9,-1) l(6,8,9,-1) l(7,8,9,0) l(1,2,10,1) l(1,3,10,1) l(2,3,10,-1) l(1,4,10,1) l(2,4,10,-1) l(3,4,10,0) l(1,5,10,1) l(2,5,10,-1) l(3,5,10,-1) l(4,5,10,-1) l(1,6,10,1) l(2,6,10,-1) l(3,6,10,-1) l(4,6,10,-1) l(5,6,10,-1) l(1,7,10,1) l(2,7,10,-1) l(3,7,10,-1) l(4,7,10,-1) l(5,7,10,-1) l(6,7,10,-1) l(1,8,10,1) l(2,8,10,-1) l(3,8,10,-1) l(4,8,10,-1) l(5,8,10,-1) l(6,8,10,0) l(7,8,10,1) l(1,9,10,1) l(2,9,10,-1) l(3,9,10,0) l(4,9,10,0) l(5,9,10,1) l(6,9,10,1) l(7,9,10,1) l(8,9,10,1) l(1,2,11,1) l(1,3,11,1) l(2,3,11,-1) l(1,4,11,1) l(2,4,11,-1) l(3,4,11,-1) l(1,5,11,1) l(2,5,11,-1) l(3,5,11,-1) l(4,5,11,-1) l(1,6,11,1) l(2,6,11,-1) l(3,6,11,-1) l(4,6,11,-1) l(5,6,11,-1) l(1,7,11,1) l(2,7,11,-1) l(3,7,11,-1) l(4,7,11,-1) l(5,7,11,-1) l(6,7,11,-1) l(1,8,11,1) l(2,8,11,-1) l(3,8,11,-1) l(4,8,11,-1) l(5,8,11,-1) l(6,8,11,0) l(7,8,11,1) l(1,9,11,1) l(2,9,11,-1) l(3,9,11,-1) l(4,9,11,-1) l(5,9,11,0) l(6,9,11,1) l(7,9,11,1) l(8,9,11,1) l(1,10,11,1) l(2,10,11,-1) l(3,10,11,-1) l(4,10,11,-1) l(5,10,11,-1) l(6,10,11,0) l(7,10,11,1) l(8,10,11,0) l(9,10,11,-1) l(1,2,12,1) l(1,3,12,1) l(2,3,12,-1) l(1,4,12,1) l(2,4,12,-1) l(3,4,12,-1) l(1,5,12,1) l(2,5,12,-1) l(3,5,12,-1) l(4,5,12,-1) l(1,6,12,1) l(2,6,12,-1) l(3,6,12,-1) l(4,6,12,-1) l(5,6,12,-1) l(1,7,12,1) l(2,7,12,-1) l(3,7,12,-1) l(4,7,12,-1) l(5,7,12,-1) l(6,7,12,-1) l(1,8,12,1) l(2,8,12,-1) l(3,8,12,-1) l(4,8,12,-1) l(5,8,12,-1) l(6,8,12,1) l(7,8,12,1) l(1,9,12,1) l(2,9,12,-1) l(3,9,12,-1) l(4,9,12,-1) l(5,9,12,0) l(6,9,12,1) l(7,9,12,1) l(8,9,12,1) l(1,10,12,1) l(2,10,12,-1) l(3,10,12,-1) l(4,10,12,-1) l(5,10,12,-1) l(6,10,12,1) l(7,10,12,1) l(8,10,12,1) l(9,10,12,-1) l(1,11,12,1) l(2,11,12,-1) l(3,11,12,-1) l(4,11,12,-1) l(5,11,12,0) l(6,11,12,1) l(7,11,12,1) l(8,11,12,1) l(9,11,12,0) l(10,11,12,1)
------------------------------------------------------------------------------------------|
SATISFIABLE

Models       : 1+
Calls        : 1
Time         : 0.427s (Solving: 0.22s 1st Model: 0.22s Unsat: 0.00s)
CPU Time     : 0.219s

Choices      : 5850    
Conflicts    : 3341     (Analyzed: 3341)
Restarts     : 7        (Average: 477.29 Last: 124 Blocked: 0)
Model-Level  : 31.0    
Problems     : 1        (Average Length: 0.00 Splits: 0)
Lemmas       : 3341     (Deleted: 0)
  Binary     : 4        (Ratio:   0.12%)
  Ternary    : 447      (Ratio:  13.38%)
  Conflict   : 3341     (Average Length:   25.3 Ratio: 100.00%) 
  Loop       : 0        (Average Length:    0.0 Ratio:   0.00%) 
  Other      : 0        (Average Length:    0.0 Ratio:   0.00%) 
Backjumps    : 3341     (Average:  1.72 Max:  14 Sum:   5757)
  Executed   : 3341     (Average:  1.72 Max:  14 Sum:   5757 Ratio: 100.00%)
  Bounded    : 0        (Average:  0.00 Max:   0 Sum:      0 Ratio:   0.00%)

Rules        : 39933   
  Choice     : 220     
Atoms        : 5712    
Bodies       : 35839   
  Count      : 517     
Equivalences : 19978    (Atom=Atom: 3851 Body=Body: 10399 Other: 5728)
Tight        : Yes
Variables    : 951      (Eliminated:   57 Frozen:  674)
Constraints  : 18191    (Binary:   5.9% Ternary:  92.5% Other:   1.6%)

